// Jest Snapshot v1, https://goo.gl/fbAQLP

exports[`Content Component matches snapshot 1`] = `
<div
  data-testid="mui-card-content"
>
  <ul
    data-testid="list"
  >
    <div
      data-testid="item-data"
    >
      <span
        data-testid="item-icon"
      >
        <img
          src="mock-location-logo"
        />
      </span>
      <span
        data-testid="item-label"
      >
        ENQUIRIES-TABLE-COLUMN-CONTRACTOR
      </span>
      <span
        data-testid="item-value"
      >
        Test Contractor
      </span>
      <span
        data-testid="item-link"
      >
        /company_profile/123/contact123?pid=456
      </span>
      <span
        data-testid="item-extra-link"
      >
        {"state":{"fromUrl":"/current/path","fromName":"ENQUIRIES"}}
      </span>
    </div>
    <div
      data-testid="item-data"
    >
      <span
        data-testid="item-icon"
      >
        <img
          src="mock-info-logo"
        />
      </span>
      <span
        data-testid="item-label"
      >
        TEXT-SERVICE-REQUIRED
      </span>
      <span
        data-testid="item-value"
      >
        Construction Services
      </span>
    </div>
    <div
      data-testid="item-data"
    >
      <span
        data-testid="item-icon"
      >
        <img
          src="mock-calendar-logo"
        />
      </span>
      <span
        data-testid="item-label"
      >
        TEXT-START-ON-SITE
      </span>
      <span
        data-testid="item-value"
      >
        15/01/2024
      </span>
    </div>
    <div
      data-testid="item-data"
    >
      <span
        data-testid="item-icon"
      >
        <img
          src="mock-calendar-logo"
        />
      </span>
      <span
        data-testid="item-label"
      >
        TEXT-ESTIMATED-DECISION-DATE
      </span>
      <span
        data-testid="item-value"
      >
        15/06/2024
      </span>
    </div>
    <div
      data-testid="item-data"
    >
      <span
        data-testid="item-icon"
      >
        <div
          color="error"
          data-testid="mui-typography"
        >
          CURRENCY
        </div>
      </span>
      <span
        data-testid="item-label"
      >
        TEXT-PACKAGE-SIZE
      </span>
      <span
        data-testid="item-value"
      >
        £100,000
      </span>
    </div>
    <div
      data-testid="item-data"
    >
      <span
        data-testid="item-icon"
      >
        <div
          color="error"
          data-testid="mui-typography"
        >
          CURRENCY
        </div>
      </span>
      <span
        data-testid="item-label"
      >
        Employers Liability
      </span>
      <span
        data-testid="item-value"
      >
        £1,000,000
      </span>
    </div>
  </ul>
</div>
`;
