// Jest Snapshot v1, https://goo.gl/fbAQLP

exports[`ProjectContent Component matches snapshot 1`] = `
<div
  data-testid="mui-card"
  sx="[object Object]"
  variant="outlined"
>
  <img
    alt="Project Logo"
    data-testid="mui-card-media"
    height="218"
    image="https://example.com/project/123/logo.png"
    src="https://example.com/project/123/logo.png"
  />
  <div
    data-testid="mui-card-content"
  >
    <ul
      data-testid="list"
    >
      <div
        data-testid="item-data"
      >
        <span
          data-testid="item-icon"
        >
          <img
            src="mock-location-logo"
          />
        </span>
        <span
          data-testid="item-label"
        >
          TEXT-PROJECT-REGION
        </span>
        <span
          data-testid="item-value"
        >
          London
        </span>
      </div>
      <div
        data-testid="item-data"
      >
        <span
          data-testid="item-icon"
        >
          <img
            src="mock-info-logo"
          />
        </span>
        <span
          data-testid="item-label"
        >
          TEXT-PROJECT-TYPE
        </span>
        <span
          data-testid="item-value"
        >
          Commercial
        </span>
      </div>
      <div
        data-testid="item-data"
      >
        <span
          data-testid="item-icon"
        >
          <img
            src="mock-calendar-logo"
          />
        </span>
        <span
          data-testid="item-label"
        >
          TEXT-START-ON-SITE
        </span>
        <span
          data-testid="item-value"
        >
          15/01/2024
        </span>
      </div>
      <div
        data-testid="item-data"
      >
        <span
          data-testid="item-icon"
        >
          <img
            src="mock-calendar-logo"
          />
        </span>
        <span
          data-testid="item-label"
        >
          TEXT-PC-DATE
        </span>
        <span
          data-testid="item-value"
        >
          15/06/2024
        </span>
      </div>
      <div
        data-testid="item-data"
      >
        <span
          data-testid="item-icon"
        >
          <img
            src="mock-status-logo"
          />
        </span>
        <span
          data-testid="item-label"
        >
          STATUS
        </span>
        <span
          data-testid="item-value"
        >
          Active
        </span>
      </div>
    </ul>
  </div>
</div>
`;
