// Jest Snapshot v1, https://goo.gl/fbAQLP

exports[`ForgotPassword Styled Components Snapshot tests matches snapshot for StyledForgotPassword 1`] = `
<div
  class="ForgotPasswordstyled__StyledForgotPassword-sc-1v10is5-0 geCrTY"
>
  <div>
    Sample content
  </div>
</div>
`;

exports[`ForgotPassword Styled Components Snapshot tests matches snapshot for StyledForgotPasswordMessage with color 1`] = `
<div
  class="ForgotPasswordstyled__StyledForgotPasswordMessage-sc-1v10is5-1 lcvNGu"
  color="#4CAF50"
>
  Success message
</div>
`;
