// Jest Snapshot v1, https://goo.gl/fbAQLP

exports[`GanttTaskReact Component creates snapshot for the component 1`] = `
<div
  data-testid="mock-browser-router"
>
  <div
    data-testid="timeline"
  >
    <button
      data-testid="timeline-change-button"
    >
      Change View Mode to 
      month
    </button>
  </div>
  <div
    class="MuiGrid-root MuiGrid-container"
    data-testid="mui-grid"
    spacing="0"
  >
    <div
      class="MuiGrid-root MuiGrid-item MuiGrid-grid-md-4"
      data-testid="mui-grid"
      md="4"
    >
      <div
        data-testid="package-details"
      >
        Package Details - 
        2
         tenders
      </div>
    </div>
    <div
      class="MuiGrid-root MuiGrid-item MuiGrid-grid-md-8"
      data-testid="mui-grid"
      md="8"
    >
      <div
        class="MuiBox-root"
        data-testid="mui-box"
        id="gantt-wrapper"
        style="max-width: 70vw;"
      >
        <div
          data-testid="gantt-component"
        >
          <div>
            Gantt Chart - View: month
          </div>
          <div
            data-testid="gantt-task-1"
            style="cursor: pointer;"
          >
            Task 1
          </div>
          <div
            data-testid="gantt-task-2"
            style="cursor: pointer;"
          >
            Task 2
          </div>
        </div>
      </div>
    </div>
  </div>
</div>
`;
